
> karta-cup-v@1.0.0 build
> tsc -b && vite build

